Component: ARM Compiler 5.06 update 6 (build 750) Tool: armlink [4d35ed]

==============================================================================

Section Cross References

    pit_lab.o(i.Init_PIT) refers to pit_lab.o(i.__NVIC_SetPriority) for __NVIC_SetPriority
    pit_lab.o(i.Init_PIT) refers to pit_lab.o(i.__NVIC_ClearPendingIRQ) for __NVIC_ClearPendingIRQ
    pit_lab.o(i.Init_PIT) refers to pit_lab.o(i.__NVIC_EnableIRQ) for __NVIC_EnableIRQ
    pit_lab.o(i.LCD_command) refers to pit_lab.o(i.pulse_the_LCD_enable) for pulse_the_LCD_enable
    pit_lab.o(i.LCD_command) refers to pit_lab.o(i.delayMs) for delayMs
    pit_lab.o(i.LCD_init) refers to pit_lab.o(i.delayMs) for delayMs
    pit_lab.o(i.LCD_init) refers to pit_lab.o(i.pulse_the_LCD_enable) for pulse_the_LCD_enable
    pit_lab.o(i.LCD_init) refers to pit_lab.o(i.LCD_command) for LCD_command
    pit_lab.o(i.LCD_send_data) refers to pit_lab.o(i.pulse_the_LCD_enable) for pulse_the_LCD_enable
    pit_lab.o(i.PIT_IRQHandler) refers to pit_lab.o(i.__NVIC_ClearPendingIRQ) for __NVIC_ClearPendingIRQ
    pit_lab.o(i.PIT_IRQHandler) refers to pit_lab.o(.data) for count_time
    pit_lab.o(i.PORTA_IRQHandler) refers to pit_lab.o(i.Start_PIT) for Start_PIT
    pit_lab.o(i.PORTA_IRQHandler) refers to pit_lab.o(i.delayMs) for delayMs
    pit_lab.o(i.PORTA_IRQHandler) refers to pit_lab.o(i.Stop_PIT) for Stop_PIT
    pit_lab.o(i.PORTA_IRQHandler) refers to pit_lab.o(i.SetUp) for SetUp
    pit_lab.o(i.PORTA_IRQHandler) refers to aeabi_sdiv.o(.text) for __aeabi_uidivmod
    pit_lab.o(i.PORTA_IRQHandler) refers to pit_lab.o(i.PrintDigit) for PrintDigit
    pit_lab.o(i.PORTA_IRQHandler) refers to pit_lab.o(i.PrintChar) for PrintChar
    pit_lab.o(i.PORTA_IRQHandler) refers to pit_lab.o(i.__NVIC_ClearPendingIRQ) for __NVIC_ClearPendingIRQ
    pit_lab.o(i.PORTA_IRQHandler) refers to pit_lab.o(.data) for token
    pit_lab.o(i.PrintChar) refers to pit_lab.o(i.LCD_send_data) for LCD_send_data
    pit_lab.o(i.PrintChar) refers to strlen.o(.text) for strlen
    pit_lab.o(i.PrintDigit) refers to pit_lab.o(i.LCD_send_data) for LCD_send_data
    pit_lab.o(i.PrintDigit) refers to pit_lab.o(i.PrintError) for PrintError
    pit_lab.o(i.PrintError) refers to pit_lab.o(i.LCD_send_data) for LCD_send_data
    pit_lab.o(i.SetUp) refers to pit_lab.o(i.LCD_init) for LCD_init
    pit_lab.o(i.SetUp) refers to pit_lab.o(i.LCD_command) for LCD_command
    pit_lab.o(i.init_switch) refers to pit_lab.o(i.__NVIC_SetPriority) for __NVIC_SetPriority
    pit_lab.o(i.init_switch) refers to pit_lab.o(i.__NVIC_ClearPendingIRQ) for __NVIC_ClearPendingIRQ
    pit_lab.o(i.init_switch) refers to pit_lab.o(i.__NVIC_EnableIRQ) for __NVIC_EnableIRQ
    pit_lab.o(i.main) refers to dflti.o(.text) for __aeabi_i2d
    pit_lab.o(i.main) refers to dmul.o(.text) for __aeabi_dmul
    pit_lab.o(i.main) refers to dfixui.o(.text) for __aeabi_d2uiz
    pit_lab.o(i.main) refers to pit_lab.o(i.Init_PIT) for Init_PIT
    pit_lab.o(i.main) refers to pit_lab.o(i.init_switch) for init_switch
    pit_lab.o(i.main) refers to pit_lab.o(.data) for DSC
    pit_lab.o(i.pulse_the_LCD_enable) refers to pit_lab.o(i.delayMs) for delayMs
    startup_mkl25z4.o(STACK) refers (Special) to heapauxi.o(.text) for __use_two_region_memory
    startup_mkl25z4.o(HEAP) refers (Special) to heapauxi.o(.text) for __use_two_region_memory
    startup_mkl25z4.o(RESET) refers (Special) to heapauxi.o(.text) for __use_two_region_memory
    startup_mkl25z4.o(RESET) refers to startup_mkl25z4.o(STACK) for __initial_sp
    startup_mkl25z4.o(RESET) refers to startup_mkl25z4.o(.text) for Reset_Handler
    startup_mkl25z4.o(RESET) refers to pit_lab.o(i.PIT_IRQHandler) for PIT_IRQHandler
    startup_mkl25z4.o(RESET) refers to pit_lab.o(i.PORTA_IRQHandler) for PORTA_IRQHandler
    startup_mkl25z4.o(.ARM.__at_0x400) refers (Special) to heapauxi.o(.text) for __use_two_region_memory
    startup_mkl25z4.o(.text) refers (Special) to heapauxi.o(.text) for __use_two_region_memory
    startup_mkl25z4.o(.text) refers to system_mkl25z4.o(i.SystemInit) for SystemInit
    startup_mkl25z4.o(.text) refers to __main.o(!!!main) for __main
    startup_mkl25z4.o(.text) refers to startup_mkl25z4.o(HEAP) for Heap_Mem
    startup_mkl25z4.o(.text) refers to startup_mkl25z4.o(STACK) for Stack_Mem
    system_mkl25z4.o(i.SystemCoreClockUpdate) refers to aeabi_sdiv.o(.text) for __aeabi_uidivmod
    system_mkl25z4.o(i.SystemCoreClockUpdate) refers to system_mkl25z4.o(i.__ARM_common_switch8) for __ARM_common_switch8
    system_mkl25z4.o(i.SystemCoreClockUpdate) refers to system_mkl25z4.o(.data) for SystemCoreClock
    __main.o(!!!main) refers to __rtentry.o(.ARM.Collect$$rtentry$$00000000) for __rt_entry
    dfixui.o(.text) refers (Special) to usenofp.o(x$fpl$usenofp) for __I$use$fp
    dflti.o(.text) refers (Special) to usenofp.o(x$fpl$usenofp) for __I$use$fp
    dmul.o(.text) refers (Special) to usenofp.o(x$fpl$usenofp) for __I$use$fp
    __rtentry.o(.ARM.Collect$$rtentry$$00000000) refers (Special) to __rtentry2.o(.ARM.Collect$$rtentry$$0000000A) for __rt_entry_li
    __rtentry.o(.ARM.Collect$$rtentry$$00000000) refers (Special) to __rtentry2.o(.ARM.Collect$$rtentry$$0000000D) for __rt_entry_main
    __rtentry.o(.ARM.Collect$$rtentry$$00000000) refers (Special) to __rtentry2.o(.ARM.Collect$$rtentry$$0000000C) for __rt_entry_postli_1
    __rtentry.o(.ARM.Collect$$rtentry$$00000000) refers (Special) to __rtentry2.o(.ARM.Collect$$rtentry$$00000009) for __rt_entry_postsh_1
    __rtentry.o(.ARM.Collect$$rtentry$$00000000) refers (Special) to __rtentry2.o(.ARM.Collect$$rtentry$$00000002) for __rt_entry_presh_1
    __rtentry.o(.ARM.Collect$$rtentry$$00000000) refers (Special) to __rtentry4.o(.ARM.Collect$$rtentry$$00000004) for __rt_entry_sh
    aeabi_idiv0_sigfpe.o(.text) refers to rt_div0.o(.text) for __rt_div0
    __rtentry2.o(.ARM.Collect$$rtentry$$00000008) refers to boardinit2.o(.text) for _platform_post_stackheap_init
    __rtentry2.o(.ARM.Collect$$rtentry$$0000000A) refers to libinit.o(.ARM.Collect$$libinit$$00000000) for __rt_lib_init
    __rtentry2.o(.ARM.Collect$$rtentry$$0000000B) refers to boardinit3.o(.text) for _platform_post_lib_init
    __rtentry2.o(.ARM.Collect$$rtentry$$0000000D) refers to pit_lab.o(i.main) for main
    __rtentry2.o(.ARM.Collect$$rtentry$$0000000D) refers to exit.o(.text) for exit
    __rtentry2.o(.ARM.exidx) refers to __rtentry2.o(.ARM.Collect$$rtentry$$00000001) for .ARM.Collect$$rtentry$$00000001
    __rtentry2.o(.ARM.exidx) refers to __rtentry2.o(.ARM.Collect$$rtentry$$00000008) for .ARM.Collect$$rtentry$$00000008
    __rtentry2.o(.ARM.exidx) refers to __rtentry2.o(.ARM.Collect$$rtentry$$0000000A) for .ARM.Collect$$rtentry$$0000000A
    __rtentry2.o(.ARM.exidx) refers to __rtentry2.o(.ARM.Collect$$rtentry$$0000000B) for .ARM.Collect$$rtentry$$0000000B
    __rtentry2.o(.ARM.exidx) refers to __rtentry2.o(.ARM.Collect$$rtentry$$0000000D) for .ARM.Collect$$rtentry$$0000000D
    __rtentry4.o(.ARM.Collect$$rtentry$$00000004) refers to sys_stackheap_outer.o(.text) for __user_setup_stackheap
    __rtentry4.o(.ARM.exidx) refers to __rtentry4.o(.ARM.Collect$$rtentry$$00000004) for .ARM.Collect$$rtentry$$00000004
    rt_div0.o(.text) refers to defsig_fpe_outer.o(.text) for __rt_SIGFPE
    sys_stackheap_outer.o(.text) refers to libspace.o(.text) for __user_perproc_libspace
    sys_stackheap_outer.o(.text) refers to startup_mkl25z4.o(.text) for __user_initial_stackheap
    sys_stackheap_outer.o(__vectab_stack_and_reset_area) refers to tempstk.o(.text) for __temporary_stack_top
    sys_stackheap_outer.o(__vectab_stack_and_reset_area) refers to __main.o(!!!main) for __main
    exit.o(.text) refers to rtexit.o(.ARM.Collect$$rtexit$$00000000) for __rt_exit
    defsig_fpe_outer.o(.text) refers to defsig_fpe_inner.o(.text) for __rt_SIGFPE_inner
    defsig_fpe_outer.o(.text) refers to defsig_exit.o(.text) for __sig_exit
    defsig_fpe_formal.o(.text) refers to rt_raise.o(.text) for __rt_raise
    libinit.o(.ARM.Collect$$libinit$$00000000) refers (Special) to libinit2.o(.ARM.Collect$$libinit$$0000002E) for __rt_lib_init_alloca_1
    libinit.o(.ARM.Collect$$libinit$$00000000) refers (Special) to libinit2.o(.ARM.Collect$$libinit$$0000002C) for __rt_lib_init_argv_1
    libinit.o(.ARM.Collect$$libinit$$00000000) refers (Special) to libinit2.o(.ARM.Collect$$libinit$$0000001B) for __rt_lib_init_atexit_1
    libinit.o(.ARM.Collect$$libinit$$00000000) refers (Special) to libinit2.o(.ARM.Collect$$libinit$$00000021) for __rt_lib_init_clock_1
    libinit.o(.ARM.Collect$$libinit$$00000000) refers (Special) to libinit2.o(.ARM.Collect$$libinit$$00000032) for __rt_lib_init_cpp_1
    libinit.o(.ARM.Collect$$libinit$$00000000) refers (Special) to libinit2.o(.ARM.Collect$$libinit$$00000030) for __rt_lib_init_exceptions_1
    libinit.o(.ARM.Collect$$libinit$$00000000) refers (Special) to libinit2.o(.ARM.Collect$$libinit$$00000002) for __rt_lib_init_fp_1
    libinit.o(.ARM.Collect$$libinit$$00000000) refers (Special) to libinit2.o(.ARM.Collect$$libinit$$0000001F) for __rt_lib_init_fp_trap_1
    libinit.o(.ARM.Collect$$libinit$$00000000) refers (Special) to libinit2.o(.ARM.Collect$$libinit$$00000023) for __rt_lib_init_getenv_1
    libinit.o(.ARM.Collect$$libinit$$00000000) refers (Special) to libinit2.o(.ARM.Collect$$libinit$$0000000A) for __rt_lib_init_heap_1
    libinit.o(.ARM.Collect$$libinit$$00000000) refers (Special) to libinit2.o(.ARM.Collect$$libinit$$00000011) for __rt_lib_init_lc_collate_1
    libinit.o(.ARM.Collect$$libinit$$00000000) refers (Special) to libinit2.o(.ARM.Collect$$libinit$$00000013) for __rt_lib_init_lc_ctype_1
    libinit.o(.ARM.Collect$$libinit$$00000000) refers (Special) to libinit2.o(.ARM.Collect$$libinit$$00000015) for __rt_lib_init_lc_monetary_1
    libinit.o(.ARM.Collect$$libinit$$00000000) refers (Special) to libinit2.o(.ARM.Collect$$libinit$$00000017) for __rt_lib_init_lc_numeric_1
    libinit.o(.ARM.Collect$$libinit$$00000000) refers (Special) to libinit2.o(.ARM.Collect$$libinit$$00000019) for __rt_lib_init_lc_time_1
    libinit.o(.ARM.Collect$$libinit$$00000000) refers (Special) to libinit2.o(.ARM.Collect$$libinit$$00000004) for __rt_lib_init_preinit_1
    libinit.o(.ARM.Collect$$libinit$$00000000) refers (Special) to libinit2.o(.ARM.Collect$$libinit$$0000000E) for __rt_lib_init_rand_1
    libinit.o(.ARM.Collect$$libinit$$00000000) refers (Special) to libinit2.o(.ARM.Collect$$libinit$$00000033) for __rt_lib_init_return
    libinit.o(.ARM.Collect$$libinit$$00000000) refers (Special) to libinit2.o(.ARM.Collect$$libinit$$0000001D) for __rt_lib_init_signal_1
    libinit.o(.ARM.Collect$$libinit$$00000000) refers (Special) to libinit2.o(.ARM.Collect$$libinit$$00000025) for __rt_lib_init_stdio_1
    libinit.o(.ARM.Collect$$libinit$$00000000) refers (Special) to libinit2.o(.ARM.Collect$$libinit$$0000000C) for __rt_lib_init_user_alloc_1
    libspace.o(.text) refers to libspace.o(.bss) for __libspace_start
    rtexit.o(.ARM.Collect$$rtexit$$00000000) refers (Special) to rtexit2.o(.ARM.Collect$$rtexit$$00000004) for __rt_exit_exit
    rtexit.o(.ARM.Collect$$rtexit$$00000000) refers (Special) to rtexit2.o(.ARM.Collect$$rtexit$$00000003) for __rt_exit_ls
    rtexit.o(.ARM.Collect$$rtexit$$00000000) refers (Special) to rtexit2.o(.ARM.Collect$$rtexit$$00000002) for __rt_exit_prels_1
    rtexit.o(.ARM.exidx) refers (Special) to rtexit2.o(.ARM.Collect$$rtexit$$00000004) for __rt_exit_exit
    rtexit.o(.ARM.exidx) refers (Special) to rtexit2.o(.ARM.Collect$$rtexit$$00000003) for __rt_exit_ls
    rtexit.o(.ARM.exidx) refers (Special) to rtexit2.o(.ARM.Collect$$rtexit$$00000002) for __rt_exit_prels_1
    rtexit.o(.ARM.exidx) refers to rtexit.o(.ARM.Collect$$rtexit$$00000000) for .ARM.Collect$$rtexit$$00000000
    rt_raise.o(.text) refers to __raise.o(.text) for __raise
    rt_raise.o(.text) refers to sys_exit.o(.text) for _sys_exit
    defsig_exit.o(.text) refers to sys_exit.o(.text) for _sys_exit
    defsig_fpe_inner.o(.text) refers to defsig_general.o(.text) for __default_signal_display
    libinit2.o(.ARM.Collect$$libinit$$00000010) refers to libinit2.o(.ARM.Collect$$libinit$$0000000F) for .ARM.Collect$$libinit$$0000000F
    libinit2.o(.ARM.Collect$$libinit$$00000012) refers to libinit2.o(.ARM.Collect$$libinit$$0000000F) for .ARM.Collect$$libinit$$0000000F
    libinit2.o(.ARM.Collect$$libinit$$00000014) refers to libinit2.o(.ARM.Collect$$libinit$$0000000F) for .ARM.Collect$$libinit$$0000000F
    libinit2.o(.ARM.Collect$$libinit$$00000016) refers to libinit2.o(.ARM.Collect$$libinit$$0000000F) for .ARM.Collect$$libinit$$0000000F
    libinit2.o(.ARM.Collect$$libinit$$00000018) refers to libinit2.o(.ARM.Collect$$libinit$$0000000F) for .ARM.Collect$$libinit$$0000000F
    libinit2.o(.ARM.Collect$$libinit$$00000026) refers to argv_veneer.o(.text) for __ARM_argv_veneer
    libinit2.o(.ARM.Collect$$libinit$$00000027) refers to argv_veneer.o(.text) for __ARM_argv_veneer
    sys_exit.o(.text) refers (Special) to use_no_semi.o(.text) for __I$use$semihosting
    sys_exit.o(.text) refers (Special) to indicate_semi.o(.text) for __semihosting_library_function
    rtexit2.o(.ARM.Collect$$rtexit$$00000003) refers to libshutdown.o(.ARM.Collect$$libshutdown$$00000000) for __rt_lib_shutdown
    rtexit2.o(.ARM.Collect$$rtexit$$00000004) refers to sys_exit.o(.text) for _sys_exit
    rtexit2.o(.ARM.exidx) refers to rtexit2.o(.ARM.Collect$$rtexit$$00000001) for .ARM.Collect$$rtexit$$00000001
    rtexit2.o(.ARM.exidx) refers to rtexit2.o(.ARM.Collect$$rtexit$$00000003) for .ARM.Collect$$rtexit$$00000003
    rtexit2.o(.ARM.exidx) refers to rtexit2.o(.ARM.Collect$$rtexit$$00000004) for .ARM.Collect$$rtexit$$00000004
    __raise.o(.text) refers to defsig.o(CL$$defsig) for __default_signal_handler
    defsig_general.o(.text) refers to sys_wrch.o(.text) for _ttywrch
    sys_wrch.o(.text) refers (Special) to use_no_semi.o(.text) for __I$use$semihosting
    sys_wrch.o(.text) refers (Special) to indicate_semi.o(.text) for __semihosting_library_function
    defsig.o(CL$$defsig) refers to defsig_fpe_inner.o(.text) for __rt_SIGFPE_inner
    defsig.o(CL$$defsig) refers to defsig_rtmem_inner.o(.text) for __rt_SIGRTMEM_inner
    _get_argv_nomalloc.o(.text) refers (Special) to hrguard.o(.text) for __heap_region$guard
    _get_argv_nomalloc.o(.text) refers to defsig_rtmem_outer.o(.text) for __rt_SIGRTMEM
    _get_argv_nomalloc.o(.text) refers to sys_command.o(.text) for _sys_command_string
    libshutdown.o(.ARM.Collect$$libshutdown$$00000000) refers (Special) to libshutdown2.o(.ARM.Collect$$libshutdown$$00000002) for __rt_lib_shutdown_cpp_1
    libshutdown.o(.ARM.Collect$$libshutdown$$00000000) refers (Special) to libshutdown2.o(.ARM.Collect$$libshutdown$$00000007) for __rt_lib_shutdown_fp_trap_1
    libshutdown.o(.ARM.Collect$$libshutdown$$00000000) refers (Special) to libshutdown2.o(.ARM.Collect$$libshutdown$$0000000F) for __rt_lib_shutdown_heap_1
    libshutdown.o(.ARM.Collect$$libshutdown$$00000000) refers (Special) to libshutdown2.o(.ARM.Collect$$libshutdown$$00000010) for __rt_lib_shutdown_return
    libshutdown.o(.ARM.Collect$$libshutdown$$00000000) refers (Special) to libshutdown2.o(.ARM.Collect$$libshutdown$$0000000A) for __rt_lib_shutdown_signal_1
    libshutdown.o(.ARM.Collect$$libshutdown$$00000000) refers (Special) to libshutdown2.o(.ARM.Collect$$libshutdown$$00000004) for __rt_lib_shutdown_stdio_1
    libshutdown.o(.ARM.Collect$$libshutdown$$00000000) refers (Special) to libshutdown2.o(.ARM.Collect$$libshutdown$$0000000C) for __rt_lib_shutdown_user_alloc_1
    sys_command.o(.text) refers (Special) to use_no_semi.o(.text) for __I$use$semihosting
    sys_command.o(.text) refers (Special) to indicate_semi.o(.text) for __semihosting_library_function
    defsig_abrt_inner.o(.text) refers to defsig_general.o(.text) for __default_signal_display
    defsig_rtred_inner.o(.text) refers to defsig_general.o(.text) for __default_signal_display
    defsig_rtmem_inner.o(.text) refers to defsig_general.o(.text) for __default_signal_display
    defsig_rtmem_outer.o(.text) refers to defsig_rtmem_inner.o(.text) for __rt_SIGRTMEM_inner
    defsig_rtmem_outer.o(.text) refers to defsig_exit.o(.text) for __sig_exit
    defsig_rtmem_formal.o(.text) refers to rt_raise.o(.text) for __rt_raise
    defsig_stak_inner.o(.text) refers to defsig_general.o(.text) for __default_signal_display
    defsig_pvfn_inner.o(.text) refers to defsig_general.o(.text) for __default_signal_display
    defsig_cppl_inner.o(.text) refers to defsig_general.o(.text) for __default_signal_display
    defsig_segv_inner.o(.text) refers to defsig_general.o(.text) for __default_signal_display
    defsig_other.o(.text) refers to defsig_general.o(.text) for __default_signal_display


==============================================================================

Removing Unused input sections from the image.

    Removing pit_lab.o(.rev16_text), (4 bytes).
    Removing pit_lab.o(.revsh_text), (4 bytes).
    Removing system_mkl25z4.o(.rev16_text), (4 bytes).
    Removing system_mkl25z4.o(.revsh_text), (4 bytes).
    Removing system_mkl25z4.o(i.SystemCoreClockUpdate), (400 bytes).
    Removing system_mkl25z4.o(.data), (4 bytes).
    Removing system_mkl25z4.o(i.__ARM_common_switch8), (28 bytes).

7 unused section(s) (total 448 bytes) removed from the image.

==============================================================================

Image Symbol Table

    Local Symbols

    Symbol Name                              Value     Ov Type        Size  Object(Section)

    RESET                                    0x00000000   Section      192  startup_mkl25z4.o(RESET)
    ../clib/angel/boardlib.s                 0x00000000   Number         0  boardinit1.o ABSOLUTE
    ../clib/angel/boardlib.s                 0x00000000   Number         0  boardshut.o ABSOLUTE
    ../clib/angel/boardlib.s                 0x00000000   Number         0  boardinit2.o ABSOLUTE
    ../clib/angel/boardlib.s                 0x00000000   Number         0  boardinit3.o ABSOLUTE
    ../clib/angel/handlers.s                 0x00000000   Number         0  __scatter_zi.o ABSOLUTE
    ../clib/angel/handlers.s                 0x00000000   Number         0  __scatter_copy.o ABSOLUTE
    ../clib/angel/kernel.s                   0x00000000   Number         0  __rtentry.o ABSOLUTE
    ../clib/angel/kernel.s                   0x00000000   Number         0  __rtentry4.o ABSOLUTE
    ../clib/angel/kernel.s                   0x00000000   Number         0  rtexit.o ABSOLUTE
    ../clib/angel/kernel.s                   0x00000000   Number         0  __rtentry2.o ABSOLUTE
    ../clib/angel/kernel.s                   0x00000000   Number         0  rtexit2.o ABSOLUTE
    ../clib/angel/rt.s                       0x00000000   Number         0  aeabi_idiv0.o ABSOLUTE
    ../clib/angel/rt.s                       0x00000000   Number         0  rt_raise.o ABSOLUTE
    ../clib/angel/rt.s                       0x00000000   Number         0  rt_div0.o ABSOLUTE
    ../clib/angel/rt.s                       0x00000000   Number         0  aeabi_idiv0_sigfpe.o ABSOLUTE
    ../clib/angel/scatterp.s                 0x00000000   Number         0  __scatter.o ABSOLUTE
    ../clib/angel/startup.s                  0x00000000   Number         0  __main.o ABSOLUTE
    ../clib/angel/sys.s                      0x00000000   Number         0  sys_stackheap_outer.o ABSOLUTE
    ../clib/angel/sys.s                      0x00000000   Number         0  tempstk.o ABSOLUTE
    ../clib/angel/sys.s                      0x00000000   Number         0  use_no_semi.o ABSOLUTE
    ../clib/angel/sys.s                      0x00000000   Number         0  libspace.o ABSOLUTE
    ../clib/angel/sys.s                      0x00000000   Number         0  indicate_semi.o ABSOLUTE
    ../clib/angel/sysapp.c                   0x00000000   Number         0  sys_exit.o ABSOLUTE
    ../clib/angel/sysapp.c                   0x00000000   Number         0  sys_wrch.o ABSOLUTE
    ../clib/angel/sysapp.c                   0x00000000   Number         0  sys_command.o ABSOLUTE
    ../clib/armsys.c                         0x00000000   Number         0  _get_argv_nomalloc.o ABSOLUTE
    ../clib/armsys.c                         0x00000000   Number         0  no_argv.o ABSOLUTE
    ../clib/armsys.c                         0x00000000   Number         0  argv_veneer.o ABSOLUTE
    ../clib/division.s                       0x00000000   Number         0  aeabi_sdiv.o ABSOLUTE
    ../clib/division.s                       0x00000000   Number         0  aeabi_sdiv_div0.o ABSOLUTE
    ../clib/heapalloc.c                      0x00000000   Number         0  hrguard.o ABSOLUTE
    ../clib/heapaux.c                        0x00000000   Number         0  heapauxi.o ABSOLUTE
    ../clib/libinit.s                        0x00000000   Number         0  libshutdown2.o ABSOLUTE
    ../clib/libinit.s                        0x00000000   Number         0  libinit.o ABSOLUTE
    ../clib/libinit.s                        0x00000000   Number         0  libinit2.o ABSOLUTE
    ../clib/libinit.s                        0x00000000   Number         0  libshutdown.o ABSOLUTE
    ../clib/signal.c                         0x00000000   Number         0  defsig_fpe_inner.o ABSOLUTE
    ../clib/signal.c                         0x00000000   Number         0  defsig_exit.o ABSOLUTE
    ../clib/signal.c                         0x00000000   Number         0  defsig_fpe_outer.o ABSOLUTE
    ../clib/signal.c                         0x00000000   Number         0  defsig_fpe_formal.o ABSOLUTE
    ../clib/signal.c                         0x00000000   Number         0  defsig_rtmem_inner.o ABSOLUTE
    ../clib/signal.c                         0x00000000   Number         0  defsig_rtred_inner.o ABSOLUTE
    ../clib/signal.c                         0x00000000   Number         0  defsig_rtmem_outer.o ABSOLUTE
    ../clib/signal.c                         0x00000000   Number         0  defsig_segv_inner.o ABSOLUTE
    ../clib/signal.c                         0x00000000   Number         0  defsig_stak_inner.o ABSOLUTE
    ../clib/signal.c                         0x00000000   Number         0  defsig_general.o ABSOLUTE
    ../clib/signal.c                         0x00000000   Number         0  defsig_other.o ABSOLUTE
    ../clib/signal.c                         0x00000000   Number         0  __raise.o ABSOLUTE
    ../clib/signal.c                         0x00000000   Number         0  defsig_pvfn_inner.o ABSOLUTE
    ../clib/signal.c                         0x00000000   Number         0  defsig_rtmem_formal.o ABSOLUTE
    ../clib/signal.c                         0x00000000   Number         0  defsig_cppl_inner.o ABSOLUTE
    ../clib/signal.c                         0x00000000   Number         0  defsig_abrt_inner.o ABSOLUTE
    ../clib/signal.s                         0x00000000   Number         0  defsig.o ABSOLUTE
    ../clib/stdlib.c                         0x00000000   Number         0  exit.o ABSOLUTE
    ../clib/string.c                         0x00000000   Number         0  strlen.o ABSOLUTE
    ../fplib/cfplib/dmul.c                   0x00000000   Number         0  dmul.o ABSOLUTE
    ../fplib/cfplib/ffix.c                   0x00000000   Number         0  dfixui.o ABSOLUTE
    ../fplib/cfplib/fflt.c                   0x00000000   Number         0  dflti.o ABSOLUTE
    ../fplib/cfplib/fpinit.c                 0x00000000   Number         0  fpinit.o ABSOLUTE
    ../fplib/usenofp.s                       0x00000000   Number         0  usenofp.o ABSOLUTE
    PIT_Lab.c                                0x00000000   Number         0  pit_lab.o ABSOLUTE
    PIT_Lab.c                                0x00000000   Number         0  pit_lab.o ABSOLUTE
    RTE\Device\MKL25Z128xxx4\startup_MKL25Z4.s 0x00000000   Number         0  startup_mkl25z4.o ABSOLUTE
    RTE\Device\MKL25Z128xxx4\system_MKL25Z4.c 0x00000000   Number         0  system_mkl25z4.o ABSOLUTE
    RTE\\Device\\MKL25Z128xxx4\\system_MKL25Z4.c 0x00000000   Number         0  system_mkl25z4.o ABSOLUTE
    dc.s                                     0x00000000   Number         0  dc.o ABSOLUTE
    !!!main                                  0x000000c0   Section        8  __main.o(!!!main)
    !!!scatter                               0x000000c8   Section       60  __scatter.o(!!!scatter)
    !!handler_copy                           0x00000104   Section       26  __scatter_copy.o(!!handler_copy)
    !!handler_zi                             0x00000120   Section       28  __scatter_zi.o(!!handler_zi)
    .ARM.Collect$$libinit$$00000000          0x0000013c   Section        2  libinit.o(.ARM.Collect$$libinit$$00000000)
    .ARM.Collect$$libinit$$00000002          0x0000013e   Section        0  libinit2.o(.ARM.Collect$$libinit$$00000002)
    .ARM.Collect$$libinit$$00000004          0x0000013e   Section        0  libinit2.o(.ARM.Collect$$libinit$$00000004)
    .ARM.Collect$$libinit$$0000000A          0x0000013e   Section        0  libinit2.o(.ARM.Collect$$libinit$$0000000A)
    .ARM.Collect$$libinit$$0000000C          0x0000013e   Section        0  libinit2.o(.ARM.Collect$$libinit$$0000000C)
    .ARM.Collect$$libinit$$0000000E          0x0000013e   Section        0  libinit2.o(.ARM.Collect$$libinit$$0000000E)
    .ARM.Collect$$libinit$$00000011          0x0000013e   Section        0  libinit2.o(.ARM.Collect$$libinit$$00000011)
    .ARM.Collect$$libinit$$00000013          0x0000013e   Section        0  libinit2.o(.ARM.Collect$$libinit$$00000013)
    .ARM.Collect$$libinit$$00000015          0x0000013e   Section        0  libinit2.o(.ARM.Collect$$libinit$$00000015)
    .ARM.Collect$$libinit$$00000017          0x0000013e   Section        0  libinit2.o(.ARM.Collect$$libinit$$00000017)
    .ARM.Collect$$libinit$$00000019          0x0000013e   Section        0  libinit2.o(.ARM.Collect$$libinit$$00000019)
    .ARM.Collect$$libinit$$0000001B          0x0000013e   Section        0  libinit2.o(.ARM.Collect$$libinit$$0000001B)
    .ARM.Collect$$libinit$$0000001D          0x0000013e   Section        0  libinit2.o(.ARM.Collect$$libinit$$0000001D)
    .ARM.Collect$$libinit$$0000001F          0x0000013e   Section        0  libinit2.o(.ARM.Collect$$libinit$$0000001F)
    .ARM.Collect$$libinit$$00000021          0x0000013e   Section        0  libinit2.o(.ARM.Collect$$libinit$$00000021)
    .ARM.Collect$$libinit$$00000023          0x0000013e   Section        0  libinit2.o(.ARM.Collect$$libinit$$00000023)
    .ARM.Collect$$libinit$$00000025          0x0000013e   Section        0  libinit2.o(.ARM.Collect$$libinit$$00000025)
    .ARM.Collect$$libinit$$0000002C          0x0000013e   Section        0  libinit2.o(.ARM.Collect$$libinit$$0000002C)
    .ARM.Collect$$libinit$$0000002E          0x0000013e   Section        0  libinit2.o(.ARM.Collect$$libinit$$0000002E)
    .ARM.Collect$$libinit$$00000030          0x0000013e   Section        0  libinit2.o(.ARM.Collect$$libinit$$00000030)
    .ARM.Collect$$libinit$$00000032          0x0000013e   Section        0  libinit2.o(.ARM.Collect$$libinit$$00000032)
    .ARM.Collect$$libinit$$00000033          0x0000013e   Section        2  libinit2.o(.ARM.Collect$$libinit$$00000033)
    .ARM.Collect$$libshutdown$$00000000      0x00000140   Section        2  libshutdown.o(.ARM.Collect$$libshutdown$$00000000)
    .ARM.Collect$$libshutdown$$00000002      0x00000142   Section        0  libshutdown2.o(.ARM.Collect$$libshutdown$$00000002)
    .ARM.Collect$$libshutdown$$00000004      0x00000142   Section        0  libshutdown2.o(.ARM.Collect$$libshutdown$$00000004)
    .ARM.Collect$$libshutdown$$00000007      0x00000142   Section        0  libshutdown2.o(.ARM.Collect$$libshutdown$$00000007)
    .ARM.Collect$$libshutdown$$0000000A      0x00000142   Section        0  libshutdown2.o(.ARM.Collect$$libshutdown$$0000000A)
    .ARM.Collect$$libshutdown$$0000000C      0x00000142   Section        0  libshutdown2.o(.ARM.Collect$$libshutdown$$0000000C)
    .ARM.Collect$$libshutdown$$0000000F      0x00000142   Section        0  libshutdown2.o(.ARM.Collect$$libshutdown$$0000000F)
    .ARM.Collect$$libshutdown$$00000010      0x00000142   Section        2  libshutdown2.o(.ARM.Collect$$libshutdown$$00000010)
    .ARM.Collect$$rtentry$$00000000          0x00000144   Section        0  __rtentry.o(.ARM.Collect$$rtentry$$00000000)
    .ARM.Collect$$rtentry$$00000002          0x00000144   Section        0  __rtentry2.o(.ARM.Collect$$rtentry$$00000002)
    .ARM.Collect$$rtentry$$00000004          0x00000144   Section        6  __rtentry4.o(.ARM.Collect$$rtentry$$00000004)
    .ARM.Collect$$rtentry$$00000009          0x0000014a   Section        0  __rtentry2.o(.ARM.Collect$$rtentry$$00000009)
    .ARM.Collect$$rtentry$$0000000A          0x0000014a   Section        4  __rtentry2.o(.ARM.Collect$$rtentry$$0000000A)
    .ARM.Collect$$rtentry$$0000000C          0x0000014e   Section        0  __rtentry2.o(.ARM.Collect$$rtentry$$0000000C)
    .ARM.Collect$$rtentry$$0000000D          0x0000014e   Section        8  __rtentry2.o(.ARM.Collect$$rtentry$$0000000D)
    .ARM.Collect$$rtexit$$00000000           0x00000156   Section        2  rtexit.o(.ARM.Collect$$rtexit$$00000000)
    .ARM.Collect$$rtexit$$00000002           0x00000158   Section        0  rtexit2.o(.ARM.Collect$$rtexit$$00000002)
    .ARM.Collect$$rtexit$$00000003           0x00000158   Section        4  rtexit2.o(.ARM.Collect$$rtexit$$00000003)
    .ARM.Collect$$rtexit$$00000004           0x0000015c   Section        6  rtexit2.o(.ARM.Collect$$rtexit$$00000004)
    .text                                    0x00000164   Section       64  startup_mkl25z4.o(.text)
    .text                                    0x000001a4   Section        0  strlen.o(.text)
    .text                                    0x000001e8   Section      346  aeabi_sdiv.o(.text)
    .text                                    0x00000342   Section        0  heapauxi.o(.text)
    .text                                    0x00000348   Section        0  dfixui.o(.text)
    .text                                    0x00000390   Section        0  dflti.o(.text)
    .text                                    0x000003e8   Section        0  exit.o(.text)
    .text                                    0x000003f8   Section        8  libspace.o(.text)
    .ARM.__at_0x400                          0x00000400   Section       16  startup_mkl25z4.o(.ARM.__at_0x400)
    .text                                    0x00000410   Section        0  dmul.o(.text)
    .text                                    0x00000658   Section       62  sys_stackheap_outer.o(.text)
    .text                                    0x00000698   Section        0  sys_exit.o(.text)
    .text                                    0x000006a4   Section        2  use_no_semi.o(.text)
    .text                                    0x000006a6   Section        0  indicate_semi.o(.text)
    i.Init_PIT                               0x000006a8   Section        0  pit_lab.o(i.Init_PIT)
    i.LCD_command                            0x00000710   Section        0  pit_lab.o(i.LCD_command)
    i.LCD_init                               0x00000758   Section        0  pit_lab.o(i.LCD_init)
    i.LCD_send_data                          0x0000084c   Section        0  pit_lab.o(i.LCD_send_data)
    i.PIT_IRQHandler                         0x00000884   Section        0  pit_lab.o(i.PIT_IRQHandler)
    i.PORTA_IRQHandler                       0x000008c8   Section        0  pit_lab.o(i.PORTA_IRQHandler)
    i.PrintChar                              0x00000a18   Section        0  pit_lab.o(i.PrintChar)
    i.PrintDigit                             0x00000a34   Section        0  pit_lab.o(i.PrintDigit)
    i.PrintError                             0x00000a4c   Section        0  pit_lab.o(i.PrintError)
    i.SetUp                                  0x00000a70   Section        0  pit_lab.o(i.SetUp)
    i.Start_PIT                              0x00000aa8   Section        0  pit_lab.o(i.Start_PIT)
    i.Stop_PIT                               0x00000abc   Section        0  pit_lab.o(i.Stop_PIT)
    i.SystemInit                             0x00000ad0   Section        0  system_mkl25z4.o(i.SystemInit)
    i.__NVIC_ClearPendingIRQ                 0x00000adc   Section        0  pit_lab.o(i.__NVIC_ClearPendingIRQ)
    __NVIC_ClearPendingIRQ                   0x00000add   Thumb Code    18  pit_lab.o(i.__NVIC_ClearPendingIRQ)
    i.__NVIC_EnableIRQ                       0x00000af4   Section        0  pit_lab.o(i.__NVIC_EnableIRQ)
    __NVIC_EnableIRQ                         0x00000af5   Thumb Code    26  pit_lab.o(i.__NVIC_EnableIRQ)
    i.__NVIC_SetPriority                     0x00000b14   Section        0  pit_lab.o(i.__NVIC_SetPriority)
    __NVIC_SetPriority                       0x00000b15   Thumb Code   110  pit_lab.o(i.__NVIC_SetPriority)
    i.delayMs                                0x00000b8c   Section        0  pit_lab.o(i.delayMs)
    i.init_switch                            0x00000ba8   Section        0  pit_lab.o(i.init_switch)
    i.main                                   0x00000bf8   Section        0  pit_lab.o(i.main)
    i.pulse_the_LCD_enable                   0x00000cf0   Section        0  pit_lab.o(i.pulse_the_LCD_enable)
    x$fpl$usenofp                            0x00000d0c   Section        0  usenofp.o(x$fpl$usenofp)
    .data                                    0x1ffff000   Section       16  pit_lab.o(.data)
    .bss                                     0x1ffff010   Section       96  libspace.o(.bss)
    HEAP                                     0x1ffff070   Section        0  startup_mkl25z4.o(HEAP)
    STACK                                    0x1ffff070   Section      256  startup_mkl25z4.o(STACK)
    Heap_Mem                                 0x1ffff070   Data           0  startup_mkl25z4.o(HEAP)
    Stack_Mem                                0x1ffff070   Data         256  startup_mkl25z4.o(STACK)
    __initial_sp                             0x1ffff170   Data           0  startup_mkl25z4.o(STACK)

    Global Symbols

    Symbol Name                              Value     Ov Type        Size  Object(Section)

    BuildAttributes$$THM_ISAv3M$S$PE$A:L22$X:L11$S22$IEEE1$IW$USESV6$~STKCKD$USESV7$~SHL$OSPACE$ROPI$EBA8$UX$STANDARDLIB$REQ8$PRES8$EABIv2 0x00000000   Number         0  anon$$obj.o ABSOLUTE
    __ARM_use_no_argv                        0x00000000   Number         0  pit_lab.o ABSOLUTE
    __Vectors                                0x00000000   Data           4  startup_mkl25z4.o(RESET)
    __ARM_exceptions_init                     - Undefined Weak Reference
    __alloca_initialize                       - Undefined Weak Reference
    __arm_preinit_                            - Undefined Weak Reference
    __cpp_initialize__aeabi_                  - Undefined Weak Reference
    __cxa_finalize                            - Undefined Weak Reference
    __rt_locale                               - Undefined Weak Reference
    __sigvec_lookup                           - Undefined Weak Reference
    _atexit_init                              - Undefined Weak Reference
    _call_atexit_fns                          - Undefined Weak Reference
    _clock_init                               - Undefined Weak Reference
    _fp_trap_init                             - Undefined Weak Reference
    _fp_trap_shutdown                         - Undefined Weak Reference
    _get_lc_collate                           - Undefined Weak Reference
    _get_lc_ctype                             - Undefined Weak Reference
    _get_lc_monetary                          - Undefined Weak Reference
    _get_lc_numeric                           - Undefined Weak Reference
    _get_lc_time                              - Undefined Weak Reference
    _getenv_init                              - Undefined Weak Reference
    _handle_redirection                       - Undefined Weak Reference
    _init_alloc                               - Undefined Weak Reference
    _init_user_alloc                          - Undefined Weak Reference
    _initio                                   - Undefined Weak Reference
    _rand_init                                - Undefined Weak Reference
    _signal_finish                            - Undefined Weak Reference
    _signal_init                              - Undefined Weak Reference
    _terminate_alloc                          - Undefined Weak Reference
    _terminate_user_alloc                     - Undefined Weak Reference
    _terminateio                              - Undefined Weak Reference
    __Vectors_End                            0x000000c0   Data           0  startup_mkl25z4.o(RESET)
    __Vectors_Size                           0x000000c0   Number         0  startup_mkl25z4.o ABSOLUTE
    __main                                   0x000000c1   Thumb Code     8  __main.o(!!!main)
    __scatterload                            0x000000c9   Thumb Code     0  __scatter.o(!!!scatter)
    __scatterload_rt2                        0x000000c9   Thumb Code    52  __scatter.o(!!!scatter)
    __scatterload_rt2_thumb_only             0x000000c9   Thumb Code     0  __scatter.o(!!!scatter)
    __scatterload_null                       0x000000d9   Thumb Code     0  __scatter.o(!!!scatter)
    __scatterload_copy                       0x00000105   Thumb Code    26  __scatter_copy.o(!!handler_copy)
    __scatterload_zeroinit                   0x00000121   Thumb Code    28  __scatter_zi.o(!!handler_zi)
    __rt_lib_init                            0x0000013d   Thumb Code     0  libinit.o(.ARM.Collect$$libinit$$00000000)
    __rt_lib_init_alloca_1                   0x0000013f   Thumb Code     0  libinit2.o(.ARM.Collect$$libinit$$0000002E)
    __rt_lib_init_argv_1                     0x0000013f   Thumb Code     0  libinit2.o(.ARM.Collect$$libinit$$0000002C)
    __rt_lib_init_atexit_1                   0x0000013f   Thumb Code     0  libinit2.o(.ARM.Collect$$libinit$$0000001B)
    __rt_lib_init_clock_1                    0x0000013f   Thumb Code     0  libinit2.o(.ARM.Collect$$libinit$$00000021)
    __rt_lib_init_cpp_1                      0x0000013f   Thumb Code     0  libinit2.o(.ARM.Collect$$libinit$$00000032)
    __rt_lib_init_exceptions_1               0x0000013f   Thumb Code     0  libinit2.o(.ARM.Collect$$libinit$$00000030)
    __rt_lib_init_fp_1                       0x0000013f   Thumb Code     0  libinit2.o(.ARM.Collect$$libinit$$00000002)
    __rt_lib_init_fp_trap_1                  0x0000013f   Thumb Code     0  libinit2.o(.ARM.Collect$$libinit$$0000001F)
    __rt_lib_init_getenv_1                   0x0000013f   Thumb Code     0  libinit2.o(.ARM.Collect$$libinit$$00000023)
    __rt_lib_init_heap_1                     0x0000013f   Thumb Code     0  libinit2.o(.ARM.Collect$$libinit$$0000000A)
    __rt_lib_init_lc_collate_1               0x0000013f   Thumb Code     0  libinit2.o(.ARM.Collect$$libinit$$00000011)
    __rt_lib_init_lc_ctype_1                 0x0000013f   Thumb Code     0  libinit2.o(.ARM.Collect$$libinit$$00000013)
    __rt_lib_init_lc_monetary_1              0x0000013f   Thumb Code     0  libinit2.o(.ARM.Collect$$libinit$$00000015)
    __rt_lib_init_lc_numeric_1               0x0000013f   Thumb Code     0  libinit2.o(.ARM.Collect$$libinit$$00000017)
    __rt_lib_init_lc_time_1                  0x0000013f   Thumb Code     0  libinit2.o(.ARM.Collect$$libinit$$00000019)
    __rt_lib_init_preinit_1                  0x0000013f   Thumb Code     0  libinit2.o(.ARM.Collect$$libinit$$00000004)
    __rt_lib_init_rand_1                     0x0000013f   Thumb Code     0  libinit2.o(.ARM.Collect$$libinit$$0000000E)
    __rt_lib_init_return                     0x0000013f   Thumb Code     0  libinit2.o(.ARM.Collect$$libinit$$00000033)
    __rt_lib_init_signal_1                   0x0000013f   Thumb Code     0  libinit2.o(.ARM.Collect$$libinit$$0000001D)
    __rt_lib_init_stdio_1                    0x0000013f   Thumb Code     0  libinit2.o(.ARM.Collect$$libinit$$00000025)
    __rt_lib_init_user_alloc_1               0x0000013f   Thumb Code     0  libinit2.o(.ARM.Collect$$libinit$$0000000C)
    __rt_lib_shutdown                        0x00000141   Thumb Code     0  libshutdown.o(.ARM.Collect$$libshutdown$$00000000)
    __rt_lib_shutdown_cpp_1                  0x00000143   Thumb Code     0  libshutdown2.o(.ARM.Collect$$libshutdown$$00000002)
    __rt_lib_shutdown_fp_trap_1              0x00000143   Thumb Code     0  libshutdown2.o(.ARM.Collect$$libshutdown$$00000007)
    __rt_lib_shutdown_heap_1                 0x00000143   Thumb Code     0  libshutdown2.o(.ARM.Collect$$libshutdown$$0000000F)
    __rt_lib_shutdown_return                 0x00000143   Thumb Code     0  libshutdown2.o(.ARM.Collect$$libshutdown$$00000010)
    __rt_lib_shutdown_signal_1               0x00000143   Thumb Code     0  libshutdown2.o(.ARM.Collect$$libshutdown$$0000000A)
    __rt_lib_shutdown_stdio_1                0x00000143   Thumb Code     0  libshutdown2.o(.ARM.Collect$$libshutdown$$00000004)
    __rt_lib_shutdown_user_alloc_1           0x00000143   Thumb Code     0  libshutdown2.o(.ARM.Collect$$libshutdown$$0000000C)
    __rt_entry                               0x00000145   Thumb Code     0  __rtentry.o(.ARM.Collect$$rtentry$$00000000)
    __rt_entry_presh_1                       0x00000145   Thumb Code     0  __rtentry2.o(.ARM.Collect$$rtentry$$00000002)
    __rt_entry_sh                            0x00000145   Thumb Code     0  __rtentry4.o(.ARM.Collect$$rtentry$$00000004)
    __rt_entry_li                            0x0000014b   Thumb Code     0  __rtentry2.o(.ARM.Collect$$rtentry$$0000000A)
    __rt_entry_postsh_1                      0x0000014b   Thumb Code     0  __rtentry2.o(.ARM.Collect$$rtentry$$00000009)
    __rt_entry_main                          0x0000014f   Thumb Code     0  __rtentry2.o(.ARM.Collect$$rtentry$$0000000D)
    __rt_entry_postli_1                      0x0000014f   Thumb Code     0  __rtentry2.o(.ARM.Collect$$rtentry$$0000000C)
    __rt_exit                                0x00000157   Thumb Code     0  rtexit.o(.ARM.Collect$$rtexit$$00000000)
    __rt_exit_ls                             0x00000159   Thumb Code     0  rtexit2.o(.ARM.Collect$$rtexit$$00000003)
    __rt_exit_prels_1                        0x00000159   Thumb Code     0  rtexit2.o(.ARM.Collect$$rtexit$$00000002)
    __rt_exit_exit                           0x0000015d   Thumb Code     0  rtexit2.o(.ARM.Collect$$rtexit$$00000004)
    Reset_Handler                            0x00000165   Thumb Code    12  startup_mkl25z4.o(.text)
    NMI_Handler                              0x00000171   Thumb Code     2  startup_mkl25z4.o(.text)
    HardFault_Handler                        0x00000173   Thumb Code     2  startup_mkl25z4.o(.text)
    SVC_Handler                              0x00000175   Thumb Code     2  startup_mkl25z4.o(.text)
    PendSV_Handler                           0x00000177   Thumb Code     2  startup_mkl25z4.o(.text)
    SysTick_Handler                          0x00000179   Thumb Code     2  startup_mkl25z4.o(.text)
    ADC0_IRQHandler                          0x0000017b   Thumb Code     0  startup_mkl25z4.o(.text)
    CMP0_IRQHandler                          0x0000017b   Thumb Code     0  startup_mkl25z4.o(.text)
    DAC0_IRQHandler                          0x0000017b   Thumb Code     0  startup_mkl25z4.o(.text)
    DMA0_IRQHandler                          0x0000017b   Thumb Code     0  startup_mkl25z4.o(.text)
    DMA1_IRQHandler                          0x0000017b   Thumb Code     0  startup_mkl25z4.o(.text)
    DMA2_IRQHandler                          0x0000017b   Thumb Code     0  startup_mkl25z4.o(.text)
    DMA3_IRQHandler                          0x0000017b   Thumb Code     0  startup_mkl25z4.o(.text)
    DefaultISR                               0x0000017b   Thumb Code     0  startup_mkl25z4.o(.text)
    FTFA_IRQHandler                          0x0000017b   Thumb Code     0  startup_mkl25z4.o(.text)
    I2C0_IRQHandler                          0x0000017b   Thumb Code     0  startup_mkl25z4.o(.text)
    I2C1_IRQHandler                          0x0000017b   Thumb Code     0  startup_mkl25z4.o(.text)
    LLWU_IRQHandler                          0x0000017b   Thumb Code     0  startup_mkl25z4.o(.text)
    LPTMR0_IRQHandler                        0x0000017b   Thumb Code     0  startup_mkl25z4.o(.text)
    LVD_LVW_IRQHandler                       0x0000017b   Thumb Code     0  startup_mkl25z4.o(.text)
    MCG_IRQHandler                           0x0000017b   Thumb Code     0  startup_mkl25z4.o(.text)
    PORTD_IRQHandler                         0x0000017b   Thumb Code     0  startup_mkl25z4.o(.text)
    RTC_IRQHandler                           0x0000017b   Thumb Code     0  startup_mkl25z4.o(.text)
    RTC_Seconds_IRQHandler                   0x0000017b   Thumb Code     0  startup_mkl25z4.o(.text)
    Reserved20_IRQHandler                    0x0000017b   Thumb Code     0  startup_mkl25z4.o(.text)
    Reserved39_IRQHandler                    0x0000017b   Thumb Code     0  startup_mkl25z4.o(.text)
    Reserved45_IRQHandler                    0x0000017b   Thumb Code     0  startup_mkl25z4.o(.text)
    SPI0_IRQHandler                          0x0000017b   Thumb Code     0  startup_mkl25z4.o(.text)
    SPI1_IRQHandler                          0x0000017b   Thumb Code     0  startup_mkl25z4.o(.text)
    TPM0_IRQHandler                          0x0000017b   Thumb Code     0  startup_mkl25z4.o(.text)
    TPM1_IRQHandler                          0x0000017b   Thumb Code     0  startup_mkl25z4.o(.text)
    TPM2_IRQHandler                          0x0000017b   Thumb Code     0  startup_mkl25z4.o(.text)
    TSI0_IRQHandler                          0x0000017b   Thumb Code     0  startup_mkl25z4.o(.text)
    UART0_IRQHandler                         0x0000017b   Thumb Code     0  startup_mkl25z4.o(.text)
    UART1_IRQHandler                         0x0000017b   Thumb Code     0  startup_mkl25z4.o(.text)
    UART2_IRQHandler                         0x0000017b   Thumb Code     0  startup_mkl25z4.o(.text)
    USB0_IRQHandler                          0x0000017b   Thumb Code     0  startup_mkl25z4.o(.text)
    __user_initial_stackheap                 0x00000181   Thumb Code     0  startup_mkl25z4.o(.text)
    strlen                                   0x000001a5   Thumb Code    62  strlen.o(.text)
    __aeabi_uidiv                            0x000001e9   Thumb Code     0  aeabi_sdiv.o(.text)
    __aeabi_uidivmod                         0x000001e9   Thumb Code    20  aeabi_sdiv.o(.text)
    __aeabi_idiv                             0x000001fd   Thumb Code     0  aeabi_sdiv.o(.text)
    __aeabi_idivmod                          0x000001fd   Thumb Code   326  aeabi_sdiv.o(.text)
    __use_two_region_memory                  0x00000343   Thumb Code     2  heapauxi.o(.text)
    __rt_heap_escrow$2region                 0x00000345   Thumb Code     2  heapauxi.o(.text)
    __rt_heap_expand$2region                 0x00000347   Thumb Code     2  heapauxi.o(.text)
    __aeabi_d2uiz                            0x00000349   Thumb Code     0  dfixui.o(.text)
    _dfixu                                   0x00000349   Thumb Code    68  dfixui.o(.text)
    __aeabi_i2d_normalise                    0x00000391   Thumb Code    66  dflti.o(.text)
    __aeabi_i2d                              0x000003d3   Thumb Code    16  dflti.o(.text)
    _dflt                                    0x000003d3   Thumb Code     0  dflti.o(.text)
    __aeabi_ui2d                             0x000003e3   Thumb Code     6  dflti.o(.text)
    _dfltu                                   0x000003e3   Thumb Code     0  dflti.o(.text)
    exit                                     0x000003e9   Thumb Code    16  exit.o(.text)
    __user_libspace                          0x000003f9   Thumb Code     8  libspace.o(.text)
    __user_perproc_libspace                  0x000003f9   Thumb Code     0  libspace.o(.text)
    __user_perthread_libspace                0x000003f9   Thumb Code     0  libspace.o(.text)
    __aeabi_dmul                             0x00000411   Thumb Code     0  dmul.o(.text)
    _dmul                                    0x00000411   Thumb Code   558  dmul.o(.text)
    __user_setup_stackheap                   0x00000659   Thumb Code    62  sys_stackheap_outer.o(.text)
    _sys_exit                                0x00000699   Thumb Code     8  sys_exit.o(.text)
    __I$use$semihosting                      0x000006a5   Thumb Code     0  use_no_semi.o(.text)
    __use_no_semihosting_swi                 0x000006a5   Thumb Code     2  use_no_semi.o(.text)
    __semihosting_library_function           0x000006a7   Thumb Code     0  indicate_semi.o(.text)
    Init_PIT                                 0x000006a9   Thumb Code    90  pit_lab.o(i.Init_PIT)
    LCD_command                              0x00000711   Thumb Code    66  pit_lab.o(i.LCD_command)
    LCD_init                                 0x00000759   Thumb Code   232  pit_lab.o(i.LCD_init)
    LCD_send_data                            0x0000084d   Thumb Code    52  pit_lab.o(i.LCD_send_data)
    PIT_IRQHandler                           0x00000885   Thumb Code    56  pit_lab.o(i.PIT_IRQHandler)
    PORTA_IRQHandler                         0x000008c9   Thumb Code   312  pit_lab.o(i.PORTA_IRQHandler)
    PrintChar                                0x00000a19   Thumb Code    28  pit_lab.o(i.PrintChar)
    PrintDigit                               0x00000a35   Thumb Code    24  pit_lab.o(i.PrintDigit)
    PrintError                               0x00000a4d   Thumb Code    34  pit_lab.o(i.PrintError)
    SetUp                                    0x00000a71   Thumb Code    46  pit_lab.o(i.SetUp)
    Start_PIT                                0x00000aa9   Thumb Code    14  pit_lab.o(i.Start_PIT)
    Stop_PIT                                 0x00000abd   Thumb Code    14  pit_lab.o(i.Stop_PIT)
    SystemInit                               0x00000ad1   Thumb Code     8  system_mkl25z4.o(i.SystemInit)
    delayMs                                  0x00000b8d   Thumb Code    24  pit_lab.o(i.delayMs)
    init_switch                              0x00000ba9   Thumb Code    62  pit_lab.o(i.init_switch)
    main                                     0x00000bf9   Thumb Code   218  pit_lab.o(i.main)
    pulse_the_LCD_enable                     0x00000cf1   Thumb Code    22  pit_lab.o(i.pulse_the_LCD_enable)
    Region$$Table$$Base                      0x00000d0c   Number         0  anon$$obj.o(Region$$Table)
    __I$use$fp                               0x00000d0c   Number         0  usenofp.o(x$fpl$usenofp)
    Region$$Table$$Limit                     0x00000d2c   Number         0  anon$$obj.o(Region$$Table)
    DSC                                      0x1ffff000   Data           4  pit_lab.o(.data)
    count                                    0x1ffff004   Data           4  pit_lab.o(.data)
    token                                    0x1ffff008   Data           4  pit_lab.o(.data)
    count_time                               0x1ffff00c   Data           4  pit_lab.o(.data)
    __libspace_start                         0x1ffff010   Data          96  libspace.o(.bss)
    __temporary_stack_top$libspace           0x1ffff070   Data           0  libspace.o(.bss)



==============================================================================

Memory Map of the image

  Image Entry point : 0x00000165

  Load Region LR_1 (Base: 0x00000000, Size: 0x00000d3c, Max: 0xffffffff, ABSOLUTE)

    Execution Region ER_RO (Exec base: 0x00000000, Load base: 0x00000000, Size: 0x00000d2c, Max: 0xffffffff, ABSOLUTE)

    Exec Addr    Load Addr    Size         Type   Attr      Idx    E Section Name        Object

    0x00000000   0x00000000   0x000000c0   Data   RO          159    RESET               startup_mkl25z4.o
    0x000000c0   0x000000c0   0x00000008   Code   RO          214  * !!!main             c_p.l(__main.o)
    0x000000c8   0x000000c8   0x0000003c   Code   RO          390    !!!scatter          c_p.l(__scatter.o)
    0x00000104   0x00000104   0x0000001a   Code   RO          392    !!handler_copy      c_p.l(__scatter_copy.o)
    0x0000011e   0x0000011e   0x00000002   PAD
    0x00000120   0x00000120   0x0000001c   Code   RO          394    !!handler_zi        c_p.l(__scatter_zi.o)
    0x0000013c   0x0000013c   0x00000002   Code   RO          259    .ARM.Collect$$libinit$$00000000  c_p.l(libinit.o)
    0x0000013e   0x0000013e   0x00000000   Code   RO          273    .ARM.Collect$$libinit$$00000002  c_p.l(libinit2.o)
    0x0000013e   0x0000013e   0x00000000   Code   RO          275    .ARM.Collect$$libinit$$00000004  c_p.l(libinit2.o)
    0x0000013e   0x0000013e   0x00000000   Code   RO          278    .ARM.Collect$$libinit$$0000000A  c_p.l(libinit2.o)
    0x0000013e   0x0000013e   0x00000000   Code   RO          280    .ARM.Collect$$libinit$$0000000C  c_p.l(libinit2.o)
    0x0000013e   0x0000013e   0x00000000   Code   RO          282    .ARM.Collect$$libinit$$0000000E  c_p.l(libinit2.o)
    0x0000013e   0x0000013e   0x00000000   Code   RO          285    .ARM.Collect$$libinit$$00000011  c_p.l(libinit2.o)
    0x0000013e   0x0000013e   0x00000000   Code   RO          287    .ARM.Collect$$libinit$$00000013  c_p.l(libinit2.o)
    0x0000013e   0x0000013e   0x00000000   Code   RO          289    .ARM.Collect$$libinit$$00000015  c_p.l(libinit2.o)
    0x0000013e   0x0000013e   0x00000000   Code   RO          291    .ARM.Collect$$libinit$$00000017  c_p.l(libinit2.o)
    0x0000013e   0x0000013e   0x00000000   Code   RO          293    .ARM.Collect$$libinit$$00000019  c_p.l(libinit2.o)
    0x0000013e   0x0000013e   0x00000000   Code   RO          295    .ARM.Collect$$libinit$$0000001B  c_p.l(libinit2.o)
    0x0000013e   0x0000013e   0x00000000   Code   RO          297    .ARM.Collect$$libinit$$0000001D  c_p.l(libinit2.o)
    0x0000013e   0x0000013e   0x00000000   Code   RO          299    .ARM.Collect$$libinit$$0000001F  c_p.l(libinit2.o)
    0x0000013e   0x0000013e   0x00000000   Code   RO          301    .ARM.Collect$$libinit$$00000021  c_p.l(libinit2.o)
    0x0000013e   0x0000013e   0x00000000   Code   RO          303    .ARM.Collect$$libinit$$00000023  c_p.l(libinit2.o)
    0x0000013e   0x0000013e   0x00000000   Code   RO          305    .ARM.Collect$$libinit$$00000025  c_p.l(libinit2.o)
    0x0000013e   0x0000013e   0x00000000   Code   RO          309    .ARM.Collect$$libinit$$0000002C  c_p.l(libinit2.o)
    0x0000013e   0x0000013e   0x00000000   Code   RO          311    .ARM.Collect$$libinit$$0000002E  c_p.l(libinit2.o)
    0x0000013e   0x0000013e   0x00000000   Code   RO          313    .ARM.Collect$$libinit$$00000030  c_p.l(libinit2.o)
    0x0000013e   0x0000013e   0x00000000   Code   RO          315    .ARM.Collect$$libinit$$00000032  c_p.l(libinit2.o)
    0x0000013e   0x0000013e   0x00000002   Code   RO          316    .ARM.Collect$$libinit$$00000033  c_p.l(libinit2.o)
    0x00000140   0x00000140   0x00000002   Code   RO          347    .ARM.Collect$$libshutdown$$00000000  c_p.l(libshutdown.o)
    0x00000142   0x00000142   0x00000000   Code   RO          373    .ARM.Collect$$libshutdown$$00000002  c_p.l(libshutdown2.o)
    0x00000142   0x00000142   0x00000000   Code   RO          375    .ARM.Collect$$libshutdown$$00000004  c_p.l(libshutdown2.o)
    0x00000142   0x00000142   0x00000000   Code   RO          378    .ARM.Collect$$libshutdown$$00000007  c_p.l(libshutdown2.o)
    0x00000142   0x00000142   0x00000000   Code   RO          381    .ARM.Collect$$libshutdown$$0000000A  c_p.l(libshutdown2.o)
    0x00000142   0x00000142   0x00000000   Code   RO          383    .ARM.Collect$$libshutdown$$0000000C  c_p.l(libshutdown2.o)
    0x00000142   0x00000142   0x00000000   Code   RO          386    .ARM.Collect$$libshutdown$$0000000F  c_p.l(libshutdown2.o)
    0x00000142   0x00000142   0x00000002   Code   RO          387    .ARM.Collect$$libshutdown$$00000010  c_p.l(libshutdown2.o)
    0x00000144   0x00000144   0x00000000   Code   RO          222    .ARM.Collect$$rtentry$$00000000  c_p.l(__rtentry.o)
    0x00000144   0x00000144   0x00000000   Code   RO          229    .ARM.Collect$$rtentry$$00000002  c_p.l(__rtentry2.o)
    0x00000144   0x00000144   0x00000006   Code   RO          241    .ARM.Collect$$rtentry$$00000004  c_p.l(__rtentry4.o)
    0x0000014a   0x0000014a   0x00000000   Code   RO          231    .ARM.Collect$$rtentry$$00000009  c_p.l(__rtentry2.o)
    0x0000014a   0x0000014a   0x00000004   Code   RO          232    .ARM.Collect$$rtentry$$0000000A  c_p.l(__rtentry2.o)
    0x0000014e   0x0000014e   0x00000000   Code   RO          234    .ARM.Collect$$rtentry$$0000000C  c_p.l(__rtentry2.o)
    0x0000014e   0x0000014e   0x00000008   Code   RO          235    .ARM.Collect$$rtentry$$0000000D  c_p.l(__rtentry2.o)
    0x00000156   0x00000156   0x00000002   Code   RO          264    .ARM.Collect$$rtexit$$00000000  c_p.l(rtexit.o)
    0x00000158   0x00000158   0x00000000   Code   RO          320    .ARM.Collect$$rtexit$$00000002  c_p.l(rtexit2.o)
    0x00000158   0x00000158   0x00000004   Code   RO          321    .ARM.Collect$$rtexit$$00000003  c_p.l(rtexit2.o)
    0x0000015c   0x0000015c   0x00000006   Code   RO          322    .ARM.Collect$$rtexit$$00000004  c_p.l(rtexit2.o)
    0x00000162   0x00000162   0x00000002   PAD
    0x00000164   0x00000164   0x00000040   Code   RO          161  * .text               startup_mkl25z4.o
    0x000001a4   0x000001a4   0x00000044   Code   RO          206    .text               c_p.l(strlen.o)
    0x000001e8   0x000001e8   0x0000015a   Code   RO          208    .text               c_p.l(aeabi_sdiv.o)
    0x00000342   0x00000342   0x00000006   Code   RO          212    .text               c_p.l(heapauxi.o)
    0x00000348   0x00000348   0x00000048   Code   RO          216    .text               fz_ps.l(dfixui.o)
    0x00000390   0x00000390   0x00000058   Code   RO          218    .text               fz_ps.l(dflti.o)
    0x000003e8   0x000003e8   0x00000010   Code   RO          248    .text               c_p.l(exit.o)
    0x000003f8   0x000003f8   0x00000008   Code   RO          260    .text               c_p.l(libspace.o)
    0x00000400   0x00000400   0x00000010   Code   RO          160    .ARM.__at_0x400     startup_mkl25z4.o
    0x00000410   0x00000410   0x00000248   Code   RO          220    .text               fz_ps.l(dmul.o)
    0x00000658   0x00000658   0x0000003e   Code   RO          245    .text               c_p.l(sys_stackheap_outer.o)
    0x00000696   0x00000696   0x00000002   PAD
    0x00000698   0x00000698   0x0000000c   Code   RO          317    .text               c_p.l(sys_exit.o)
    0x000006a4   0x000006a4   0x00000002   Code   RO          336    .text               c_p.l(use_no_semi.o)
    0x000006a6   0x000006a6   0x00000000   Code   RO          338    .text               c_p.l(indicate_semi.o)
    0x000006a6   0x000006a6   0x00000002   PAD
    0x000006a8   0x000006a8   0x00000068   Code   RO            3    i.Init_PIT          pit_lab.o
    0x00000710   0x00000710   0x00000048   Code   RO            4    i.LCD_command       pit_lab.o
    0x00000758   0x00000758   0x000000f4   Code   RO            5    i.LCD_init          pit_lab.o
    0x0000084c   0x0000084c   0x00000038   Code   RO            6    i.LCD_send_data     pit_lab.o
    0x00000884   0x00000884   0x00000044   Code   RO            7    i.PIT_IRQHandler    pit_lab.o
    0x000008c8   0x000008c8   0x00000150   Code   RO            8    i.PORTA_IRQHandler  pit_lab.o
    0x00000a18   0x00000a18   0x0000001c   Code   RO            9    i.PrintChar         pit_lab.o
    0x00000a34   0x00000a34   0x00000018   Code   RO           10    i.PrintDigit        pit_lab.o
    0x00000a4c   0x00000a4c   0x00000022   Code   RO           11    i.PrintError        pit_lab.o
    0x00000a6e   0x00000a6e   0x00000002   PAD
    0x00000a70   0x00000a70   0x00000038   Code   RO           12    i.SetUp             pit_lab.o
    0x00000aa8   0x00000aa8   0x00000014   Code   RO           13    i.Start_PIT         pit_lab.o
    0x00000abc   0x00000abc   0x00000014   Code   RO           14    i.Stop_PIT          pit_lab.o
    0x00000ad0   0x00000ad0   0x0000000c   Code   RO          170    i.SystemInit        system_mkl25z4.o
    0x00000adc   0x00000adc   0x00000018   Code   RO           15    i.__NVIC_ClearPendingIRQ  pit_lab.o
    0x00000af4   0x00000af4   0x00000020   Code   RO           16    i.__NVIC_EnableIRQ  pit_lab.o
    0x00000b14   0x00000b14   0x00000078   Code   RO           17    i.__NVIC_SetPriority  pit_lab.o
    0x00000b8c   0x00000b8c   0x0000001c   Code   RO           18    i.delayMs           pit_lab.o
    0x00000ba8   0x00000ba8   0x00000050   Code   RO           19    i.init_switch       pit_lab.o
    0x00000bf8   0x00000bf8   0x000000f8   Code   RO           20    i.main              pit_lab.o
    0x00000cf0   0x00000cf0   0x0000001c   Code   RO           21    i.pulse_the_LCD_enable  pit_lab.o
    0x00000d0c   0x00000d0c   0x00000000   Code   RO          227    x$fpl$usenofp       fz_ps.l(usenofp.o)
    0x00000d0c   0x00000d0c   0x00000020   Data   RO          388    Region$$Table       anon$$obj.o


    Execution Region ER_RW (Exec base: 0x1ffff000, Load base: 0x00000d2c, Size: 0x00000010, Max: 0xffffffff, ABSOLUTE)

    Exec Addr    Load Addr    Size         Type   Attr      Idx    E Section Name        Object

    0x1ffff000   0x00000d2c   0x00000010   Data   RW           22    .data               pit_lab.o


    Execution Region ER_ZI (Exec base: 0x1ffff010, Load base: 0x00000d3c, Size: 0x00000160, Max: 0xffffffff, ABSOLUTE)

    Exec Addr    Load Addr    Size         Type   Attr      Idx    E Section Name        Object

    0x1ffff010        -       0x00000060   Zero   RW          261    .bss                c_p.l(libspace.o)
    0x1ffff070        -       0x00000000   Zero   RW          158    HEAP                startup_mkl25z4.o
    0x1ffff070        -       0x00000100   Zero   RW          157    STACK               startup_mkl25z4.o


==============================================================================

Image component sizes


      Code (inc. data)   RO Data    RW Data    ZI Data      Debug   Object Name

      1622        174          0         16          0     233468   pit_lab.o
        80         44        192          0        256        920   startup_mkl25z4.o
        12          4          0          0          0        461   system_mkl25z4.o

    ----------------------------------------------------------------------
      1716        222        224         16        256     234849   Object Totals
         0          0         32          0          0          0   (incl. Generated)
         2          0          0          0          0          0   (incl. Padding)

    ----------------------------------------------------------------------

      Code (inc. data)   RO Data    RW Data    ZI Data      Debug   Library Member Name

         8          0          0          0          0         68   __main.o
         0          0          0          0          0          0   __rtentry.o
        12          0          0          0          0          0   __rtentry2.o
         6          0          0          0          0          0   __rtentry4.o
        60          8          0          0          0          0   __scatter.o
        26          0          0          0          0          0   __scatter_copy.o
        28          0          0          0          0          0   __scatter_zi.o
       346          0          0          0          0         92   aeabi_sdiv.o
        16          0          0          0          0         68   exit.o
         6          0          0          0          0        136   heapauxi.o
         0          0          0          0          0          0   indicate_semi.o
         2          0          0          0          0          0   libinit.o
         2          0          0          0          0          0   libinit2.o
         2          0          0          0          0          0   libshutdown.o
         2          0          0          0          0          0   libshutdown2.o
         8          4          0          0         96         68   libspace.o
         2          0          0          0          0          0   rtexit.o
        10          0          0          0          0          0   rtexit2.o
        68          6          0          0          0         72   strlen.o
        12          4          0          0          0         60   sys_exit.o
        62          0          0          0          0         80   sys_stackheap_outer.o
         2          0          0          0          0         68   use_no_semi.o
        72          4          0          0          0         68   dfixui.o
        88          0          0          0          0         92   dflti.o
       584         26          0          0          0         84   dmul.o
         0          0          0          0          0          0   usenofp.o

    ----------------------------------------------------------------------
      1432         52          0          0         96        956   Library Totals
         8          0          0          0          0          0   (incl. Padding)

    ----------------------------------------------------------------------

      Code (inc. data)   RO Data    RW Data    ZI Data      Debug   Library Name

       680         22          0          0         96        712   c_p.l
       744         30          0          0          0        244   fz_ps.l

    ----------------------------------------------------------------------
      1432         52          0          0         96        956   Library Totals

    ----------------------------------------------------------------------

==============================================================================


      Code (inc. data)   RO Data    RW Data    ZI Data      Debug   

      3148        274        224         16        352     234649   Grand Totals
      3148        274        224         16        352     234649   ELF Image Totals
      3148        274        224         16          0          0   ROM Totals

==============================================================================

    Total RO  Size (Code + RO Data)                 3372 (   3.29kB)
    Total RW  Size (RW Data + ZI Data)               368 (   0.36kB)
    Total ROM Size (Code + RO Data + RW Data)       3388 (   3.31kB)

==============================================================================

